C51 COMPILER V9.56.0.0   ADC                                                               12/29/2017 19:35:16 PAGE 1   


C51 COMPILER V9.56.0.0, COMPILATION OF MODULE ADC
OBJECT MODULE PLACED IN .\Output\Adc.obj
COMPILER INVOKED BY: C:\Keil_v5\C51\BIN\C51.EXE Common\Adc.c OPTIMIZE(8,SPEED) BROWSE INCDIR(..\Include;.\Include) DEFIN
                    -E(FOSC_160000) DEBUG OBJECTEXTEND PRINT(.\LST\Adc.lst) TABS(2) OBJECT(.\Output\Adc.obj)

line level    source

   1          #include "adc.h"
   2          
   3          /*************  本地变量声明  **************/
   4          UINT8 adc_count = 0,KEY_VALUE = 0;
   5          UINT8   key_flag = 0;
   6          UINT8 adc_RH = 0;
   7          //UINT8 adc_V = 0;
   8          //bit   adc_V_flag = 0;
   9          
  10          //#define   POWER   0xf0
  11          //#define   MODE    0x10
  12          //#define   VOL_A   0x20
  13          //#define   VOL_B   0x30
  14          //#define   SOURCE  0x40
  15          
  16          extern  UINT16  sys_flag;
  17          extern  bit power_flag,led_flag;
  18          extern  UINT8 source_in,mode_in,VOL_level;
  19          extern  void  NPCA110P_MODE(void);
  20          extern  void  NPCA110P_SOURCE(void);
  21          extern  void  NPCA110P_VOL_A(void);
  22          extern  void  NPCA110P_VOL_B(void);
  23          extern  void  NPCA110P_init(void);
  24          extern  void Bluetooth_Test_Task(void);
  25          
  26          UINT8 adc_start(void)
  27          {
  28   1        UINT8 adc_dat = 0;
  29   1        clr_ADCF;
  30   1        set_ADCS;
  31   1        while(ADCF == 0);
  32   1        adc_dat = ADCRH;
  33   1        adc_count++;
  34   1        return  adc_dat;
  35   1      }
  36          
  37          void  KEY_EVENT(void)
  38          {
  39   1        if(key_flag)
  40   1        {
  41   2          switch(KEY_VALUE)
  42   2          {
  43   3            case  POWER:
  44   3              power_flag = ~power_flag;
  45   3            break;
  46   3            
  47   3            case  MODE:
  48   3              sys_flag = sys_flag | sys_mode;
  49   3      //        mode_in++;
  50   3            break;
  51   3            
  52   3            case  SOURCE:
  53   3              sys_flag = sys_flag | sys_source;
  54   3      //        source_in++;
C51 COMPILER V9.56.0.0   ADC                                                               12/29/2017 19:35:16 PAGE 2   

  55   3            break;
  56   3            
  57   3            case  VOL_A:
  58   3              sys_flag = sys_flag | sys_volA;
  59   3      //        VOL_level++;
  60   3            break;
  61   3            
  62   3            case  VOL_B:
  63   3              sys_flag = sys_flag | sys_volB;
  64   3      //        VOL_level--;
  65   3            break;
  66   3            
  67   3            case  ir_play:
  68   3      //        sys_flag = sys_flag | sys_play;
  69   3      //      break;
  70   3            
  71   3            case  ir_fwd:
  72   3      //        sys_flag = sys_flag | sys_fwd;
  73   3      //        VOL_level--;
  74   3      //      break;
  75   3            
  76   3            case  ir_rev:
  77   3                Bluetooth_Test_Task();
  78   3      //        sys_flag = sys_flag | sys_rev;
  79   3      //        VOL_level--;
  80   3            break;
  81   3            
  82   3            case  ir_hall:
  83   3      //        sys_flag = sys_flag | sys_hall;
  84   3              mode_in = 1;
  85   3              NPCA110P_init();
  86   3              led_flag = 1;
  87   3      //        VOL_level--;
  88   3            break;
  89   3            
  90   3            case  ir_music:
  91   3      //        sys_flag = sys_flag | sys_music;
  92   3              mode_in = 2;
  93   3              NPCA110P_init();
  94   3              led_flag = 1;
  95   3      //        VOL_level--;
  96   3            break;
  97   3            
  98   3            case  ir_speech:
  99   3      //        sys_flag = sys_flag | sys_speech;
 100   3              mode_in = 3;
 101   3              NPCA110P_init();
 102   3              led_flag = 1;
 103   3      //        VOL_level--;
 104   3            break;
 105   3            
 106   3            case  ir_mute:
 107   3              sys_flag = sys_flag | sys_mute;
 108   3      //        VOL_level--;
 109   3            break;
 110   3            
 111   3            default:
 112   3              break;
 113   3          }
 114   2      //    if(KEY_VALUE == POWER)
 115   2      //    {
 116   2      //      power_flag = ~power_flag;
C51 COMPILER V9.56.0.0   ADC                                                               12/29/2017 19:35:16 PAGE 3   

 117   2      //    }
 118   2      //    if(KEY_VALUE == MODE)
 119   2      //    {
 120   2      //      NPCA110P_MODE();
 121   2      //      led_flag = 1;
 122   2      //    }
 123   2      //    if(adc_RH == VOL_A)
 124   2      //    {
 125   2      //      NPCA110P_VOL_A();
 126   2      //    }
 127   2      //    if(adc_RH == VOL_B)
 128   2      //    {
 129   2      //      NPCA110P_VOL_B();
 130   2      //    }
 131   2      //    if(adc_RH == SOURCE)
 132   2      //    {
 133   2      //      NPCA110P_SOURCE();
 134   2      //      led_flag = 1;
 135   2      //    }
 136   2          key_flag = 0;
 137   2        }
 138   1      }
 139          
 140          void  adc_init(void)
 141          {
 142   1      //  InitialUART0_Timer1(115200);
 143   1        P04_Quasi_Mode;
 144   1        Enable_ADC_AIN5;
 145   1      //  P04_FALLINGEDGE_TRIG_ADC;                     // P0.4 falling edge as adc start trig signal
 146   1      //  set_EADC;                                     // Enable ADC interrupt (if use interrupt)
 147   1      }
 148          
 149          /******************************************************************************
 150           * FUNCTION_PURPOSE: ADC interrupt Service Routine
 151           ******************************************************************************/
 152          void ADC_ISR (void) interrupt 11
 153          {
 154   1          clr_ADCF;                               //clear ADC interrupt flag
 155   1          adc_RH = ADCRH;
 156   1          key_flag = 1;
 157   1      //    if(ADCRH)
 158   1      //    printf ("\n Value = 0x%bx",ADCRH);
 159   1      }
 160          
 161          #if 0
              void  adc_init(void)
              {
                ADCCON0&=0xc0;    //AD转换启动AD标志完成
                AINDIDS=0x00;   
                AIN(AINx);      //通道选择并配置
                ADCCON1|=SET_BIT0;  //ADC使能
              }
              
              void  AIN (UINT8  adc_AINx)
              {
                switch(adc_AINx)
                {
                  case  AIN0:
                    ADCCON0 |= 0x00;
                    P17_Input_Mode;
                    AINDIDS|=SET_BIT0;
                    break;
C51 COMPILER V9.56.0.0   ADC                                                               12/29/2017 19:35:16 PAGE 4   

                  
                  case  AIN1:
                    ADCCON0 |= 0x01;
                    P30_Input_Mode;
                    AINDIDS|=SET_BIT1;
                    break;
                  
                  case  AIN2:
                    ADCCON0 |= 0x02;
                    P07_Input_Mode;
                    AINDIDS|=SET_BIT2;
                    break;
                    
                  case  AIN3:
                    ADCCON0 |= 0x03;
                    P06_Input_Mode;
                    AINDIDS|=SET_BIT3;
                    break;
                    
                  case  AIN4:
                    ADCCON0 |= 0x04;
                    P05_Input_Mode;
                    AINDIDS|=SET_BIT4;
                    break;
                    
                  case  AIN5:
                    ADCCON0 |= 0x05;
                    P04_Input_Mode;
                    AINDIDS|=SET_BIT5;
                    break;
                    ;
                  case  AIN6:
                    ADCCON0 |= 0x06;
                    P03_Input_Mode;
                    AINDIDS|=SET_BIT6;
                    break;
                    
                  case  AIN7:
                    ADCCON0 |= 0x07;
                    P11_Input_Mode;
                    AINDIDS|=SET_BIT7;
                    break;
                    
                  default:
                    break;
                }
              }
              #endif


MODULE INFORMATION:   STATIC OVERLAYABLE
   CODE SIZE        =    156    ----
   CONSTANT SIZE    =   ----    ----
   XDATA SIZE       =   ----    ----
   PDATA SIZE       =   ----    ----
   DATA SIZE        =      4    ----
   IDATA SIZE       =   ----    ----
   BIT SIZE         =   ----    ----
END OF MODULE INFORMATION.


C51 COMPILATION COMPLETE.  0 WARNING(S),  0 ERROR(S)
