C51 COMPILER V9.56.0.0   BLUETOOTH                                                         12/28/2017 16:46:12 PAGE 1   


C51 COMPILER V9.56.0.0, COMPILATION OF MODULE BLUETOOTH
OBJECT MODULE PLACED IN .\Output\Bluetooth.obj
COMPILER INVOKED BY: C:\Keil_v5\C51\BIN\C51.EXE Common\Bluetooth.c OPTIMIZE(8,SPEED) BROWSE INCDIR(..\Include;.\Include)
                    - DEFINE(FOSC_160000) DEBUG OBJECTEXTEND PRINT(.\LST\Bluetooth.lst) TABS(2) OBJECT(.\Output\Bluetooth.obj)

line level    source

   1          #define Bluetooth_GLOBALS
   2          #include "Bluetooth.h"
   3          
   4          extern  void __delay_10ms( UINT16 u16CNT );
   5          extern  UINT8 VOL_LED;
   6          extern  bit led_flag;
   7          
   8          void Bluetooth_Test_Task(void)
   9          {
  10   1        VOL_LED = 1;
  11   1      //  led_flag = 1;
  12   1      //  __delay_10ms(20);
  13   1      //      LED_B = ~LED_B;//LED_G = ~LED_G;LED_R = ~LED_R;
  14   1      //      __delay_10ms(25);
  15   1      //      LED_B = ~LED_B;//LED_G = ~LED_G;LED_R = ~LED_R;
  16   1      //      __delay_10ms(25);
  17   1      }
  18          
  19          void BT_patch(void)
  20          {
  21   1          BT_REV = 1; BT_FWD = 1;
  22   1          __delay_10ms(60);
  23   1          BT_REV = 0; BT_FWD = 0;
  24   1          BT_connect = 0;
  25   1      }
  26          void BT_Play_Pause(void)
  27          {
  28   1          BT_REV = 1; BT_FWD = 1;
  29   1          __delay_10ms(25);
  30   1          BT_REV = 0; BT_FWD = 0;
  31   1      }
  32          void BT_REV_TASK(void)
  33          {
  34   1          BT_REV = 1;
  35   1          __delay_10ms(25);
  36   1          BT_REV = 0;
  37   1      }
  38          void BT_FWD_TASK(void)
  39          {
  40   1          BT_FWD = 1;
  41   1          __delay_10ms(25);
  42   1          BT_FWD = 0;
  43   1      }
  44          
  45          


MODULE INFORMATION:   STATIC OVERLAYABLE
   CODE SIZE        =     63    ----
   CONSTANT SIZE    =   ----    ----
   XDATA SIZE       =   ----    ----
   PDATA SIZE       =   ----    ----
   DATA SIZE        =      2    ----
   IDATA SIZE       =   ----    ----
C51 COMPILER V9.56.0.0   BLUETOOTH                                                         12/28/2017 16:46:12 PAGE 2   

   BIT SIZE         =   ----    ----
END OF MODULE INFORMATION.


C51 COMPILATION COMPLETE.  0 WARNING(S),  0 ERROR(S)
