C51 COMPILER V9.56.0.0   BLUETOOTH                                                         12/29/2017 21:28:03 PAGE 1   


C51 COMPILER V9.56.0.0, COMPILATION OF MODULE BLUETOOTH
OBJECT MODULE PLACED IN .\Output\Bluetooth.obj
COMPILER INVOKED BY: C:\Keil_v5\C51\BIN\C51.EXE Common\Bluetooth.c OPTIMIZE(8,SPEED) BROWSE INCDIR(..\Include;.\Include)
                    - DEFINE(FOSC_160000) DEBUG OBJECTEXTEND PRINT(.\LST\Bluetooth.lst) TABS(2) OBJECT(.\Output\Bluetooth.obj)

line level    source

   1          #define Bluetooth_GLOBALS
   2          #include "Bluetooth.h"
   3          
   4          extern  void __delay_10ms( UINT16 u16CNT );
   5          extern  UINT8 VOL_LED;
   6          extern  bit led_flag;
   7          extern  UINT16  sys_flag;
   8          extern  UINT8   KEY_VALUE;
   9          
  10          void Bluetooth_Test_Task(void)
  11          {
  12   1        if(BT_POWER)
  13   1        {
  14   2          switch(KEY_VALUE)
  15   2          {
  16   3            case  ir_play:
  17   3              BT_Play_Pause();
  18   3            break;
  19   3            
  20   3            case  ir_fwd:
  21   3              BT_FWD_TASK();
  22   3      //        VOL_level--;
  23   3            break;
  24   3            
  25   3            case  ir_rev:
  26   3              BT_REV_TASK();
  27   3      //        VOL_level--;
  28   3            break;
  29   3            
  30   3          }
  31   2        }
  32   1      //  VOL_LED = 1;
  33   1      //  led_flag = 1;
  34   1      //  __delay_10ms(20);
  35   1      //      LED_B = ~LED_B;//LED_G = ~LED_G;LED_R = ~LED_R;
  36   1      //      __delay_10ms(25);
  37   1      //      LED_B = ~LED_B;//LED_G = ~LED_G;LED_R = ~LED_R;
  38   1      //      __delay_10ms(25);
  39   1      }
  40          
  41          void BT_patch(void)
  42          {
  43   1          BT_REV = 1; BT_FWD = 1;
  44   1          __delay_10ms(60);
  45   1          BT_REV = 0; BT_FWD = 0;
  46   1          BT_connect = 0;
  47   1      }
  48          void BT_Play_Pause(void)
  49          {
  50   1          BT_REV = 1; BT_FWD = 1;
  51   1          __delay_10ms(25);
  52   1          BT_REV = 0; BT_FWD = 0;
  53   1      }
  54          void BT_REV_TASK(void)
C51 COMPILER V9.56.0.0   BLUETOOTH                                                         12/29/2017 21:28:03 PAGE 2   

  55          {
  56   1          BT_REV = 1;
  57   1          __delay_10ms(25);
  58   1          BT_REV = 0;
  59   1      }
  60          void BT_FWD_TASK(void)
  61          {
  62   1          BT_FWD = 1;
  63   1          __delay_10ms(25);
  64   1          BT_FWD = 0;
  65   1      }
  66          
  67          


MODULE INFORMATION:   STATIC OVERLAYABLE
   CODE SIZE        =     85    ----
   CONSTANT SIZE    =   ----    ----
   XDATA SIZE       =   ----    ----
   PDATA SIZE       =   ----    ----
   DATA SIZE        =      2    ----
   IDATA SIZE       =   ----    ----
   BIT SIZE         =   ----    ----
END OF MODULE INFORMATION.


C51 COMPILATION COMPLETE.  0 WARNING(S),  0 ERROR(S)
