C51 COMPILER V9.56.0.0   SYSINIT                                                           12/28/2017 15:37:08 PAGE 1   


C51 COMPILER V9.56.0.0, COMPILATION OF MODULE SYSINIT
OBJECT MODULE PLACED IN .\Output\sysinit.obj
COMPILER INVOKED BY: C:\Keil_v5\C51\BIN\C51.EXE N76E003\Code\sysinit.c OPTIMIZE(8,SPEED) BROWSE INCDIR(..\Include;.\Incl
                    -ude) DEFINE(FOSC_160000) DEBUG OBJECTEXTEND PRINT(.\LST\sysinit.lst) TABS(2) OBJECT(.\Output\sysinit.obj)

line level    source

   1          #include "sysInit.h"
   2          
   3          
   4          
   5          void  SetSysClock(void)
   6          {
   7   1        CKSWT = 0x30;
   8   1        CKEN  = 0x30;
   9   1      //  CKDIV = 0x02;
  10   1        __delay_10ms(2);
  11   1      }
  12          
  13          void gpio_init(void)
  14          {
  15   1        Set_All_GPIO_Quasi_Mode;
  16   1        #if 0
                P00_PushPull_Mode;
                P01_PushPull_Mode;
                P02_PushPull_Mode;
                P03_PushPull_Mode;
                P04_PushPull_Mode;
              //  P04_Input_Mode;
                P05_Input_Mode;
                P06_Input_Mode;
                P07_PushPull_Mode;
                P10_PushPull_Mode;
                P11_PushPull_Mode;
                P12_PushPull_Mode;
                P13_PushPull_Mode;
                P14_PushPull_Mode;
                P15_PushPull_Mode;
                P17_Input_Mode;
                P30_PushPull_Mode;
                #endif
  35   1      //  BAT_DET   
  36   1      
  37   1      //  LOW_BAT_NOTIFY  = 0;
  38   1        P10_PushPull_Mode;
  39   1      //  P11_PushPull_Mode;
  40   1        ST_BY = 0;
  41   1        power_change = 0;
  42   1        power_flag = 0; 
  43   1      //  BT_POWER = 0;   
  44   1      ////  BT_DET      
  45   1      
  46   1      ////  GPIO1   
  47   1      ////  GPIO2   
  48   1      ////  GPIO3   
  49   1      
  50   1      //  PLAY = 0; 
  51   1      //  REV = 0;      
  52   1      //  FWD = 0;      
  53   1      //  VOL_UP = 0;   
  54   1      //  VOL_DOWN = 0; 
C51 COMPILER V9.56.0.0   SYSINIT                                                           12/28/2017 15:37:08 PAGE 2   

  55   1      //  PAIR = 0;   
  56   1      }
  57          
  58          void  sys_init(void)
  59          {
  60   1      //  unsigned char *p8Data = g_abMax1xDSPCommands;
  61   1        SetSysClock();
  62   1        gpio_init();
  63   1        timer0_init();
  64   1      //  timer1_init();
  65   1        adc_init();
  66   1        IR_init();
  67   1        Init_I2C();
  68   1        set_EA;                                     //enable interrupts
  69   1        set_TR0;                                    //Timer0 run
  70   1        set_TR2;                                    // Timer2 run 
  71   1      }
  72          
  73          //void  time0_init(void)
  74          //{
  75          //  TIMER0_MODE1_ENABLE;
  76          //  u8TH0_Tmp = (65536-TH0_INIT)/256;
  77          //    u8TL0_Tmp = (65536-TL0_INIT)%256;
  78          //  TH0 = u8TH0_Tmp;
  79          //    TL0 = u8TL0_Tmp;
  80          //  set_ET0;
  81          //}
  82          
  83          //void  adc_init(void)
  84          //{
  85          //  Enable_ADC_AIN0;
  86          //}
  87          


MODULE INFORMATION:   STATIC OVERLAYABLE
   CODE SIZE        =     64    ----
   CONSTANT SIZE    =   ----    ----
   XDATA SIZE       =   ----    ----
   PDATA SIZE       =   ----    ----
   DATA SIZE        =   ----    ----
   IDATA SIZE       =   ----    ----
   BIT SIZE         =   ----    ----
END OF MODULE INFORMATION.


C51 COMPILATION COMPLETE.  0 WARNING(S),  0 ERROR(S)
