C51 COMPILER V9.56.0.0   TIMER0                                                            12/29/2017 17:20:14 PAGE 1   


C51 COMPILER V9.56.0.0, COMPILATION OF MODULE TIMER0
OBJECT MODULE PLACED IN .\Output\Timer0.obj
COMPILER INVOKED BY: C:\Keil_v5\C51\BIN\C51.EXE Common\Timer0.c OPTIMIZE(8,SPEED) BROWSE INCDIR(..\Include;.\Include) DE
                    -FINE(FOSC_160000) DEBUG OBJECTEXTEND PRINT(.\LST\Timer0.lst) TABS(2) OBJECT(.\Output\Timer0.obj)

line level    source

   1          #include  "timer0.h"
   2          
   3          extern  UINT8 adc_count,KEY_VALUE;
   4          extern  bit   ms_800_flag,ms_200_flag;
   5          extern  UINT8 key_flag;
   6          extern  void __delay_10ms( UINT16 u16CNT );
   7          
   8          UINT16  adc_data = 0;
   9          UINT8 adc_V = 0;
  10          bit   adc_V_flag = 0;
  11          bit   adc_PWM_flag = 0;
  12          //UINT8 u8TH0_Tmp_1ms,u8TL0_Tmp_1ms;
  13          UINT8 adc_flag=0,nm=0;
  14          
  15          //#define TH0_INIT_1ms  16000//13290
  16          //#define TL0_INIT_1ms  16000//13290
  17          //#define u8TH0_Tmp_1ms (65536-TH0_INIT_1ms)/256
  18          //#define u8TL0_Tmp_1ms (65536-TL0_INIT_1ms)%256
  19          
  20          void timer0_init(void)
  21          {
  22   1      //  set_T0M;    //ÏµÍ³Ê±ÖÓ
  23   1        clr_T0M;
  24   1      //  u8TH0_Tmp_1ms = (65536-TH0_INIT_1ms)/256;
  25   1      //  u8TL0_Tmp_1ms = (65536-TL0_INIT_1ms)%256;
  26   1        TIMER0_MODE1_ENABLE;
  27   1        TH0 = HIBYTE(TIMER_DIV12_VALUE_10ms);
  28   1        TL0 = LOBYTE(TIMER_DIV12_VALUE_10ms);
  29   1        set_ET0;
  30   1      }
  31          
  32          #if 1
  33          void Timer0_ISR (void) interrupt 1 
  34          {
  35   1        clr_TR0;
  36   1        TH0 = TIMER_DIV12_VALUE_10ms;
  37   1          TL0 = TIMER_DIV12_VALUE_10ms;
  38   1        adc_flag++;
  39   1        if(adc_flag>20)//100ms
  40   1        {
  41   2          adc_data = adc_start();
  42   2          adc_V = adc_data;
  43   2          if(adc_V < 0xfd)
  44   2          {
  45   3            if(adc_V > V_2_4)
  46   3            {
  47   4              key_flag = 1;
  48   4              KEY_VALUE =  POWER;
  49   4      //        __delay_10ms(1);
  50   4            }
  51   3            else if(adc_V > V_2_0)
  52   3            {
  53   4              nm++;
  54   4              key_flag = 1;
C51 COMPILER V9.56.0.0   TIMER0                                                            12/29/2017 17:20:14 PAGE 2   

  55   4              KEY_VALUE =  VOL_A;
  56   4              __delay_10ms(30);
  57   4            }
  58   3            else if(adc_V > V_1_5)
  59   3            {
  60   4              nm++;
  61   4              key_flag = 1;
  62   4              KEY_VALUE =  VOL_B;
  63   4              __delay_10ms(30);
  64   4            }
  65   3            else if(adc_V > V_1_2)
  66   3            {
  67   4              nm++;
  68   4              key_flag = 1;
  69   4              KEY_VALUE = SOURCE;
  70   4              __delay_10ms(30);
  71   4            }
  72   3            else if(adc_V > V_0_7)
  73   3            {
  74   4              nm++;
  75   4              key_flag = 1;
  76   4              KEY_VALUE = MODE;
  77   4              __delay_10ms(15);
  78   4            }
  79   3          }
  80   2          adc_flag = 0;
  81   2        }
  82   1        set_TR0;
  83   1      }
  84          
  85          #endif


MODULE INFORMATION:   STATIC OVERLAYABLE
   CODE SIZE        =    203    ----
   CONSTANT SIZE    =   ----    ----
   XDATA SIZE       =   ----    ----
   PDATA SIZE       =   ----    ----
   DATA SIZE        =      5    ----
   IDATA SIZE       =   ----    ----
   BIT SIZE         =      2    ----
END OF MODULE INFORMATION.


C51 COMPILATION COMPLETE.  0 WARNING(S),  0 ERROR(S)
